Component: ARM Compiler 5.05 update 1 (build 106) Tool: armlink [4d0efa]

==============================================================================

Section Cross References

    txone.o(i.ioinit) refers to nrf_gpio.o(i.gpio_init_out) for gpio_init_out
    txone.o(i.ioinit) refers to nrf_gpio.o(i.gpio_init_in) for gpio_init_in
    txone.o(i.main) refers to nrf_delay.o(i.nrf_delay_ms) for nrf_delay_ms
    txone.o(i.main) refers to txone.o(i.init) for init
    txone.o(i.main) refers to txone.o(i.ioinit) for ioinit
    txone.o(i.main) refers to radio_config.o(i.radio_configure) for radio_configure
    txone.o(i.main) refers to txone.o(i.nrf_gpio_pin_clear) for nrf_gpio_pin_clear
    txone.o(i.main) refers to txone.o(.data) for packet
    arm_startup_nrf51.o(RESET) refers to arm_startup_nrf51.o(STACK) for __initial_sp
    arm_startup_nrf51.o(RESET) refers to arm_startup_nrf51.o(.text) for Reset_Handler
    arm_startup_nrf51.o(.text) refers to entry.o(.ARM.Collect$$$$00000000) for __main
    system_nrf51.o(i.SystemCoreClockUpdate) refers to system_nrf51.o(.data) for SystemCoreClock
    system_nrf51.o(i.SystemInit) refers to system_nrf51.o(i.is_manual_peripheral_setup_needed) for is_manual_peripheral_setup_needed
    system_nrf51.o(i.SystemInit) refers to system_nrf51.o(i.is_output_31_setup_needed) for is_output_31_setup_needed
    system_nrf51.o(i.is_manual_peripheral_setup_needed) refers to system_nrf51.o(i.__ARM_common_switch8) for __ARM_common_switch8
    system_nrf51.o(i.is_output_31_setup_needed) refers to system_nrf51.o(i.__ARM_common_switch8) for __ARM_common_switch8
    radio_config.o(i.radio_configure) refers to nrf_delay.o(i.nrf_delay_ms) for nrf_delay_ms
    entry.o(.ARM.Collect$$$$00000000) refers (Special) to entry10a.o(.ARM.Collect$$$$0000000D) for __rt_final_cpp
    entry.o(.ARM.Collect$$$$00000000) refers (Special) to entry11a.o(.ARM.Collect$$$$0000000F) for __rt_final_exit
    entry.o(.ARM.Collect$$$$00000000) refers (Special) to entry7b.o(.ARM.Collect$$$$00000008) for _main_clock
    entry.o(.ARM.Collect$$$$00000000) refers (Special) to entry8b.o(.ARM.Collect$$$$0000000A) for _main_cpp_init
    entry.o(.ARM.Collect$$$$00000000) refers (Special) to entry9a.o(.ARM.Collect$$$$0000000B) for _main_init
    entry.o(.ARM.Collect$$$$00000000) refers (Special) to entry5.o(.ARM.Collect$$$$00000004) for _main_scatterload
    entry.o(.ARM.Collect$$$$00000000) refers (Special) to entry2.o(.ARM.Collect$$$$00000001) for _main_stk
    entry2.o(.ARM.Collect$$$$00000001) refers to entry2.o(.ARM.Collect$$$$00002712) for __lit__00000000
    entry2.o(.ARM.Collect$$$$00002712) refers to arm_startup_nrf51.o(STACK) for __initial_sp
    entry2.o(__vectab_stack_and_reset_area) refers to arm_startup_nrf51.o(STACK) for __initial_sp
    entry2.o(__vectab_stack_and_reset_area) refers to entry.o(.ARM.Collect$$$$00000000) for __main
    entry5.o(.ARM.Collect$$$$00000004) refers to init.o(.text) for __scatterload
    entry9a.o(.ARM.Collect$$$$0000000B) refers to txone.o(i.main) for main
    entry9b.o(.ARM.Collect$$$$0000000C) refers to txone.o(i.main) for main
    init.o(.text) refers to entry5.o(.ARM.Collect$$$$00000004) for __main_after_scatterload


==============================================================================

Removing Unused input sections from the image.

    Removing txone.o(.rev16_text), (4 bytes).
    Removing txone.o(.revsh_text), (4 bytes).
    Removing txone.o(.emb_text), (30 bytes).
    Removing arm_startup_nrf51.o(HEAP), (2048 bytes).
    Removing nrf_gpio.o(.rev16_text), (4 bytes).
    Removing nrf_gpio.o(.revsh_text), (4 bytes).
    Removing project_nrf51822.o(.rev16_text), (4 bytes).
    Removing project_nrf51822.o(.revsh_text), (4 bytes).
    Removing project_nrf51822.o(.emb_text), (30 bytes).
    Removing system_nrf51.o(.rev16_text), (4 bytes).
    Removing system_nrf51.o(.revsh_text), (4 bytes).
    Removing system_nrf51.o(i.SystemCoreClockUpdate), (16 bytes).
    Removing system_nrf51.o(i.SystemInit), (68 bytes).
    Removing system_nrf51.o(i.is_manual_peripheral_setup_needed), (108 bytes).
    Removing system_nrf51.o(i.is_output_31_setup_needed), (108 bytes).
    Removing system_nrf51.o(.data), (4 bytes).
    Removing radio_config.o(.rev16_text), (4 bytes).
    Removing radio_config.o(.revsh_text), (4 bytes).
    Removing radio_config.o(.emb_text), (30 bytes).
    Removing nrf_delay.o(.rev16_text), (4 bytes).
    Removing nrf_delay.o(.revsh_text), (4 bytes).
    Removing nrf_delay.o(.emb_text), (30 bytes).
    Removing system_nrf51.o(i.__ARM_common_switch8), (28 bytes).

23 unused section(s) (total 2548 bytes) removed from the image.

==============================================================================

Image Symbol Table

    Local Symbols

    Symbol Name                              Value     Ov Type        Size  Object(Section)

    RESET                                    0x00000000   Section      192  arm_startup_nrf51.o(RESET)
    ../clib/microlib/init/entry.s            0x00000000   Number         0  entry11b.o ABSOLUTE
    ../clib/microlib/init/entry.s            0x00000000   Number         0  entry11a.o ABSOLUTE
    ../clib/microlib/init/entry.s            0x00000000   Number         0  entry10b.o ABSOLUTE
    ../clib/microlib/init/entry.s            0x00000000   Number         0  entry10a.o ABSOLUTE
    ../clib/microlib/init/entry.s            0x00000000   Number         0  entry9b.o ABSOLUTE
    ../clib/microlib/init/entry.s            0x00000000   Number         0  entry9a.o ABSOLUTE
    ../clib/microlib/init/entry.s            0x00000000   Number         0  entry8b.o ABSOLUTE
    ../clib/microlib/init/entry.s            0x00000000   Number         0  entry8a.o ABSOLUTE
    ../clib/microlib/init/entry.s            0x00000000   Number         0  entry7b.o ABSOLUTE
    ../clib/microlib/init/entry.s            0x00000000   Number         0  entry7a.o ABSOLUTE
    ../clib/microlib/init/entry.s            0x00000000   Number         0  entry5.o ABSOLUTE
    ../clib/microlib/init/entry.s            0x00000000   Number         0  entry2.o ABSOLUTE
    ../clib/microlib/init/entry.s            0x00000000   Number         0  entry.o ABSOLUTE
    dc.s                                     0x00000000   Number         0  dc.o ABSOLUTE
    handlers.s                               0x00000000   Number         0  handlers.o ABSOLUTE
    init.s                                   0x00000000   Number         0  init.o ABSOLUTE
    project_nrf51\Basic\Include_C\nrf_delay\nrf_delay.c 0x00000000   Number         0  nrf_delay.o ABSOLUTE
    project_nrf51\Basic\Include_C\nrf_gpio.c 0x00000000   Number         0  nrf_gpio.o ABSOLUTE
    project_nrf51\Basic\startup\arm_startup_nrf51.s 0x00000000   Number         0  arm_startup_nrf51.o ABSOLUTE
    project_nrf51\Basic\startup\project_nrf51822.c 0x00000000   Number         0  project_nrf51822.o ABSOLUTE
    project_nrf51\Basic\startup\system_nrf51.c 0x00000000   Number         0  system_nrf51.o ABSOLUTE
    project_nrf51\Peripherals\radio_config\radio_config.c 0x00000000   Number         0  radio_config.o ABSOLUTE
    project_nrf51\\Basic\\Include_C\\nrf_delay\\nrf_delay.c 0x00000000   Number         0  nrf_delay.o ABSOLUTE
    project_nrf51\\Basic\\Include_C\\nrf_gpio.c 0x00000000   Number         0  nrf_gpio.o ABSOLUTE
    project_nrf51\\Basic\\startup\\project_nrf51822.c 0x00000000   Number         0  project_nrf51822.o ABSOLUTE
    project_nrf51\\Basic\\startup\\system_nrf51.c 0x00000000   Number         0  system_nrf51.o ABSOLUTE
    project_nrf51\\Peripherals\\radio_config\\radio_config.c 0x00000000   Number         0  radio_config.o ABSOLUTE
    txone.c                                  0x00000000   Number         0  txone.o ABSOLUTE
    txone.c                                  0x00000000   Number         0  txone.o ABSOLUTE
    .ARM.Collect$$$$00000000                 0x000000c0   Section        0  entry.o(.ARM.Collect$$$$00000000)
    .ARM.Collect$$$$00000001                 0x000000c0   Section        4  entry2.o(.ARM.Collect$$$$00000001)
    .ARM.Collect$$$$00000004                 0x000000c4   Section        4  entry5.o(.ARM.Collect$$$$00000004)
    .ARM.Collect$$$$00000008                 0x000000c8   Section        0  entry7b.o(.ARM.Collect$$$$00000008)
    .ARM.Collect$$$$0000000A                 0x000000c8   Section        0  entry8b.o(.ARM.Collect$$$$0000000A)
    .ARM.Collect$$$$0000000B                 0x000000c8   Section        8  entry9a.o(.ARM.Collect$$$$0000000B)
    .ARM.Collect$$$$0000000D                 0x000000d0   Section        0  entry10a.o(.ARM.Collect$$$$0000000D)
    .ARM.Collect$$$$0000000F                 0x000000d0   Section        0  entry11a.o(.ARM.Collect$$$$0000000F)
    .ARM.Collect$$$$00002712                 0x000000d0   Section        4  entry2.o(.ARM.Collect$$$$00002712)
    __lit__00000000                          0x000000d0   Data           4  entry2.o(.ARM.Collect$$$$00002712)
    .text                                    0x000000d4   Section       20  arm_startup_nrf51.o(.text)
    .text                                    0x000000e8   Section       36  init.o(.text)
    i.__scatterload_copy                     0x0000010c   Section       14  handlers.o(i.__scatterload_copy)
    i.__scatterload_null                     0x0000011a   Section        2  handlers.o(i.__scatterload_null)
    i.__scatterload_zeroinit                 0x0000011c   Section       14  handlers.o(i.__scatterload_zeroinit)
    i.gpio_init_in                           0x0000012a   Section        0  nrf_gpio.o(i.gpio_init_in)
    i.gpio_init_out                          0x00000162   Section        0  nrf_gpio.o(i.gpio_init_out)
    i.init                                   0x00000190   Section        0  txone.o(i.init)
    i.ioinit                                 0x0000023c   Section        0  txone.o(i.ioinit)
    i.main                                   0x00000264   Section        0  txone.o(i.main)
    i.nrf_delay_ms                           0x0000030c   Section        0  nrf_delay.o(i.nrf_delay_ms)
    i.nrf_gpio_pin_clear                     0x0000032c   Section        0  txone.o(i.nrf_gpio_pin_clear)
    nrf_gpio_pin_clear                       0x0000032d   Thumb Code    10  txone.o(i.nrf_gpio_pin_clear)
    i.radio_configure                        0x0000033c   Section        0  radio_config.o(i.radio_configure)
    .data                                    0x20000000   Section        3  txone.o(.data)
    packet                                   0x20000000   Data           3  txone.o(.data)
    STACK                                    0x20000008   Section     2048  arm_startup_nrf51.o(STACK)

    Global Symbols

    Symbol Name                              Value     Ov Type        Size  Object(Section)

    BuildAttributes$$THM_ISAv3M$S$PE$A:L22$X:L11$S22$IEEE1$IW$USESV6$~STKCKD$USESV7$~SHL$OSPACE$EBA8$MICROLIB$REQ8$PRES8$EABIv2 0x00000000   Number         0  anon$$obj.o ABSOLUTE
    __ARM_use_no_argv                        0x00000000   Number         0  txone.o ABSOLUTE
    __Vectors                                0x00000000   Data           4  arm_startup_nrf51.o(RESET)
    __cpp_initialize__aeabi_                  - Undefined Weak Reference
    __cxa_finalize                            - Undefined Weak Reference
    __decompress                              - Undefined Weak Reference
    _clock_init                               - Undefined Weak Reference
    _microlib_exit                            - Undefined Weak Reference
    __Vectors_End                            0x000000c0   Data           0  arm_startup_nrf51.o(RESET)
    __Vectors_Size                           0x000000c0   Number         0  arm_startup_nrf51.o ABSOLUTE
    __main                                   0x000000c1   Thumb Code     0  entry.o(.ARM.Collect$$$$00000000)
    _main_stk                                0x000000c1   Thumb Code     0  entry2.o(.ARM.Collect$$$$00000001)
    _main_scatterload                        0x000000c5   Thumb Code     0  entry5.o(.ARM.Collect$$$$00000004)
    __main_after_scatterload                 0x000000c9   Thumb Code     0  entry5.o(.ARM.Collect$$$$00000004)
    _main_clock                              0x000000c9   Thumb Code     0  entry7b.o(.ARM.Collect$$$$00000008)
    _main_cpp_init                           0x000000c9   Thumb Code     0  entry8b.o(.ARM.Collect$$$$0000000A)
    _main_init                               0x000000c9   Thumb Code     0  entry9a.o(.ARM.Collect$$$$0000000B)
    __rt_final_cpp                           0x000000d1   Thumb Code     0  entry10a.o(.ARM.Collect$$$$0000000D)
    __rt_final_exit                          0x000000d1   Thumb Code     0  entry11a.o(.ARM.Collect$$$$0000000F)
    Reset_Handler                            0x000000d5   Thumb Code     4  arm_startup_nrf51.o(.text)
    NMI_Handler                              0x000000d9   Thumb Code     2  arm_startup_nrf51.o(.text)
    HardFault_Handler                        0x000000db   Thumb Code     2  arm_startup_nrf51.o(.text)
    SVC_Handler                              0x000000dd   Thumb Code     2  arm_startup_nrf51.o(.text)
    PendSV_Handler                           0x000000df   Thumb Code     2  arm_startup_nrf51.o(.text)
    SysTick_Handler                          0x000000e1   Thumb Code     2  arm_startup_nrf51.o(.text)
    ADC_IRQHandler                           0x000000e3   Thumb Code     0  arm_startup_nrf51.o(.text)
    CCM_AAR_IRQHandler                       0x000000e3   Thumb Code     0  arm_startup_nrf51.o(.text)
    ECB_IRQHandler                           0x000000e3   Thumb Code     0  arm_startup_nrf51.o(.text)
    GPIOTE_IRQHandler                        0x000000e3   Thumb Code     0  arm_startup_nrf51.o(.text)
    LPCOMP_COMP_IRQHandler                   0x000000e3   Thumb Code     0  arm_startup_nrf51.o(.text)
    POWER_CLOCK_IRQHandler                   0x000000e3   Thumb Code     0  arm_startup_nrf51.o(.text)
    QDEC_IRQHandler                          0x000000e3   Thumb Code     0  arm_startup_nrf51.o(.text)
    RADIO_IRQHandler                         0x000000e3   Thumb Code     0  arm_startup_nrf51.o(.text)
    RNG_IRQHandler                           0x000000e3   Thumb Code     0  arm_startup_nrf51.o(.text)
    RTC0_IRQHandler                          0x000000e3   Thumb Code     0  arm_startup_nrf51.o(.text)
    RTC1_IRQHandler                          0x000000e3   Thumb Code     0  arm_startup_nrf51.o(.text)
    SPI0_TWI0_IRQHandler                     0x000000e3   Thumb Code     0  arm_startup_nrf51.o(.text)
    SPI1_TWI1_IRQHandler                     0x000000e3   Thumb Code     0  arm_startup_nrf51.o(.text)
    SWI0_IRQHandler                          0x000000e3   Thumb Code     0  arm_startup_nrf51.o(.text)
    SWI1_IRQHandler                          0x000000e3   Thumb Code     0  arm_startup_nrf51.o(.text)
    SWI2_IRQHandler                          0x000000e3   Thumb Code     0  arm_startup_nrf51.o(.text)
    SWI3_IRQHandler                          0x000000e3   Thumb Code     0  arm_startup_nrf51.o(.text)
    SWI4_IRQHandler                          0x000000e3   Thumb Code     0  arm_startup_nrf51.o(.text)
    SWI5_IRQHandler                          0x000000e3   Thumb Code     0  arm_startup_nrf51.o(.text)
    TEMP_IRQHandler                          0x000000e3   Thumb Code     0  arm_startup_nrf51.o(.text)
    TIMER0_IRQHandler                        0x000000e3   Thumb Code     0  arm_startup_nrf51.o(.text)
    TIMER1_IRQHandler                        0x000000e3   Thumb Code     0  arm_startup_nrf51.o(.text)
    TIMER2_IRQHandler                        0x000000e3   Thumb Code     0  arm_startup_nrf51.o(.text)
    UART0_IRQHandler                         0x000000e3   Thumb Code     0  arm_startup_nrf51.o(.text)
    WDT_IRQHandler                           0x000000e3   Thumb Code     0  arm_startup_nrf51.o(.text)
    __scatterload                            0x000000e9   Thumb Code    28  init.o(.text)
    __scatterload_rt2                        0x000000e9   Thumb Code     0  init.o(.text)
    __scatterload_copy                       0x0000010d   Thumb Code    14  handlers.o(i.__scatterload_copy)
    __scatterload_null                       0x0000011b   Thumb Code     2  handlers.o(i.__scatterload_null)
    __scatterload_zeroinit                   0x0000011d   Thumb Code    14  handlers.o(i.__scatterload_zeroinit)
    gpio_init_in                             0x0000012b   Thumb Code    56  nrf_gpio.o(i.gpio_init_in)
    gpio_init_out                            0x00000163   Thumb Code    46  nrf_gpio.o(i.gpio_init_out)
    init                                     0x00000191   Thumb Code   152  txone.o(i.init)
    ioinit                                   0x0000023d   Thumb Code    38  txone.o(i.ioinit)
    main                                     0x00000265   Thumb Code   142  txone.o(i.main)
    nrf_delay_ms                             0x0000030d   Thumb Code    32  nrf_delay.o(i.nrf_delay_ms)
    radio_configure                          0x0000033d   Thumb Code   106  radio_config.o(i.radio_configure)
    Region$$Table$$Base                      0x000003c8   Number         0  anon$$obj.o(Region$$Table)
    Region$$Table$$Limit                     0x000003e8   Number         0  anon$$obj.o(Region$$Table)
    __initial_sp                             0x20000808   Data           0  arm_startup_nrf51.o(STACK)



==============================================================================

Memory Map of the image

  Image Entry point : 0x000000c1

  Load Region LR_IROM1 (Base: 0x00000000, Size: 0x000003ec, Max: 0x00020000, ABSOLUTE)

    Execution Region ER_IROM1 (Base: 0x00000000, Size: 0x000003e8, Max: 0x00020000, ABSOLUTE)

    Base Addr    Size         Type   Attr      Idx    E Section Name        Object

    0x00000000   0x000000c0   Data   RO          123    RESET               arm_startup_nrf51.o
    0x000000c0   0x00000000   Code   RO          285  * .ARM.Collect$$$$00000000  mc_p.l(entry.o)
    0x000000c0   0x00000004   Code   RO          288    .ARM.Collect$$$$00000001  mc_p.l(entry2.o)
    0x000000c4   0x00000004   Code   RO          291    .ARM.Collect$$$$00000004  mc_p.l(entry5.o)
    0x000000c8   0x00000000   Code   RO          293    .ARM.Collect$$$$00000008  mc_p.l(entry7b.o)
    0x000000c8   0x00000000   Code   RO          295    .ARM.Collect$$$$0000000A  mc_p.l(entry8b.o)
    0x000000c8   0x00000008   Code   RO          296    .ARM.Collect$$$$0000000B  mc_p.l(entry9a.o)
    0x000000d0   0x00000000   Code   RO          298    .ARM.Collect$$$$0000000D  mc_p.l(entry10a.o)
    0x000000d0   0x00000000   Code   RO          300    .ARM.Collect$$$$0000000F  mc_p.l(entry11a.o)
    0x000000d0   0x00000004   Code   RO          289    .ARM.Collect$$$$00002712  mc_p.l(entry2.o)
    0x000000d4   0x00000014   Code   RO          124    .text               arm_startup_nrf51.o
    0x000000e8   0x00000024   Code   RO          302    .text               mc_p.l(init.o)
    0x0000010c   0x0000000e   Code   RO          306    i.__scatterload_copy  mc_p.l(handlers.o)
    0x0000011a   0x00000002   Code   RO          307    i.__scatterload_null  mc_p.l(handlers.o)
    0x0000011c   0x0000000e   Code   RO          308    i.__scatterload_zeroinit  mc_p.l(handlers.o)
    0x0000012a   0x00000038   Code   RO          130    i.gpio_init_in      nrf_gpio.o
    0x00000162   0x0000002e   Code   RO          131    i.gpio_init_out     nrf_gpio.o
    0x00000190   0x000000ac   Code   RO            4    i.init              txone.o
    0x0000023c   0x00000026   Code   RO            5    i.ioinit            txone.o
    0x00000262   0x00000002   PAD
    0x00000264   0x000000a8   Code   RO            6    i.main              txone.o
    0x0000030c   0x00000020   Code   RO          261    i.nrf_delay_ms      nrf_delay.o
    0x0000032c   0x00000010   Code   RO            7    i.nrf_gpio_pin_clear  txone.o
    0x0000033c   0x0000008c   Code   RO          234    i.radio_configure   radio_config.o
    0x000003c8   0x00000020   Data   RO          304    Region$$Table       anon$$obj.o


    Execution Region RW_IRAM1 (Base: 0x20000000, Size: 0x00000808, Max: 0x00004000, ABSOLUTE)

    Base Addr    Size         Type   Attr      Idx    E Section Name        Object

    0x20000000   0x00000003   Data   RW            8    .data               txone.o
    0x20000003   0x00000005   PAD
    0x20000008   0x00000800   Zero   RW          121    STACK               arm_startup_nrf51.o


==============================================================================

Image component sizes


      Code (inc. data)   RO Data    RW Data    ZI Data      Debug   Object Name

        20          4        192          0       2048        604   arm_startup_nrf51.o
        32          0          0          0          0        975   nrf_delay.o
       102          0          0          0          0       1087   nrf_gpio.o
       140         34          0          0          0        546   radio_config.o
       394         52          0          3          0       8815   txone.o

    ----------------------------------------------------------------------
       690         90        224          4       2052      12027   Object Totals
         0          0         32          0          0          0   (incl. Generated)
         2          0          0          1          4          0   (incl. Padding)

    ----------------------------------------------------------------------

      Code (inc. data)   RO Data    RW Data    ZI Data      Debug   Library Member Name

         0          0          0          0          0          0   entry.o
         0          0          0          0          0          0   entry10a.o
         0          0          0          0          0          0   entry11a.o
         8          4          0          0          0          0   entry2.o
         4          0          0          0          0          0   entry5.o
         0          0          0          0          0          0   entry7b.o
         0          0          0          0          0          0   entry8b.o
         8          4          0          0          0          0   entry9a.o
        30          0          0          0          0          0   handlers.o
        36          8          0          0          0         68   init.o

    ----------------------------------------------------------------------
        86         16          0          0          0         68   Library Totals
         0          0          0          0          0          0   (incl. Padding)

    ----------------------------------------------------------------------

      Code (inc. data)   RO Data    RW Data    ZI Data      Debug   Library Name

        86         16          0          0          0         68   mc_p.l

    ----------------------------------------------------------------------
        86         16          0          0          0         68   Library Totals

    ----------------------------------------------------------------------

==============================================================================


      Code (inc. data)   RO Data    RW Data    ZI Data      Debug   

       776        106        224          4       2052      12027   Grand Totals
       776        106        224          4       2052      12027   ELF Image Totals
       776        106        224          4          0          0   ROM Totals

==============================================================================

    Total RO  Size (Code + RO Data)                 1000 (   0.98kB)
    Total RW  Size (RW Data + ZI Data)              2056 (   2.01kB)
    Total ROM Size (Code + RO Data + RW Data)       1004 (   0.98kB)

==============================================================================

